Array
(
    [email] => jessqueens52@gmail.com
    [amount] => 1.00
    [purpose] => TV Ministry
    [name] => Jessica Doesi
    [phone] => 233202260756
)

Array
(
    [email] => jessqueens52@gmail.com
    [amount] => 1.00
    [purpose] => TV Ministry
    [name] => Jessica Doesi
    [phone] => 233202260756
)

Array
(
    [email] => jessqueens52@gmail.com
    [amount] => 1.00
    [purpose] => TV Ministry
    [name] => Jessica Doesi
    [phone] => 233202260756
)

Array
(
    [email] => jessqueens52@gmail.com
    [amount] => 1.00
    [purpose] => TOTA
    [name] => Jessica Doesi
    [phone] => 233202260756
)

Array
(
    [email] => jessqueens52@gmail.com
    [amount] => 1.00
    [purpose] => TV Ministry
    [name] => Syca Abraham
    [phone] => 233202260756
)

Array
(
    [email] => jessqueens52@gmail.com
    [amount] => 1.00
    [purpose] => TV Ministry
    [name] => Jessica Doesi
    [phone] => 233202260756
)

Array
(
    [email] => nanaamaowusuwaa693@gmail
    [amount] => 20.00
    [purpose] => offertory 
    [name] => Nana Ama Owusua
    [phone] => 233245122552
)

Array
(
    [email] => nanaamaowusuwaa693@gmail
    [amount] => 20.00
    [purpose] => offertory 
    [name] => Nana Ama Owusua
    [phone] => 233245122552
)

Array
(
    [email] => nanaamaowusuwaa693@gmail.com
    [amount] => 20.00
    [purpose] => offertory 
    [name] => Nana Ama Owusua
    [phone] => 233245122552
)

Array
(
    [email] => jessqueens52@gmail.com
    [amount] => 10.00
    [purpose] => TV Ministry
    [name] => Nana Aba
    [phone] => 233202260756
)

Array
(
    [email] => jessqueens52@gmail.com
    [amount] => 10.00
    [purpose] => TV Ministry
    [name] => Nana Aba
    [phone] => 233202260756
)

Array
(
    [email] => jessqueens52@gmail.com
    [amount] => 0.01
    [purpose] => TV Ministry
    [name] => Nana Aba
    [phone] => 233202260756
)

Array
(
    [email] => jessqueens52@gmail.com
    [amount] => 0.01
    [purpose] => TV Ministry
    [name] => Nana Aba
    [phone] => 233202260756
)

Array
(
    [email] => jessqueens52@gmail.com
    [amount] => 0.01
    [purpose] => TV Ministry
    [name] => Nana Aba
    [phone] => 233202260756
)

Array
(
    [email] => jessqueens52@gmail.com
    [amount] => 0.01
    [purpose] => TV Ministry
    [name] => Nana Aba
    [phone] => 233202260756
)

Array
(
    [email] => jessqueens52@gmail.com
    [amount] => 0.01
    [purpose] => TOTA
    [name] => Maame Aba
    [phone] => 233539893025
)

Array
(
    [email] => jessqueens52@gmail.com
    [amount] => 0.01
    [purpose] => TV Ministry
    [name] => Nana Aba
    [phone] => 233539893025
)

Array
(
    [email] => jessqueens52@gmail.com
    [amount] => 0.01
    [purpose] => TV Ministry
    [name] => Nana Aba
    [phone] => 233539893025
)

Array
(
    [email] => jessqueens52@gmail.com
    [amount] => 5.00
    [purpose] => Offering
    [name] => Syca
    [phone] => 233202260756
)

Array
(
    [email] => nanaamaowusuwaa693@gmail.com
    [amount] => 20.00
    [purpose] => offertory 
    [name] => Nana Ama
    [phone] => 233245122552
)

Array
(
    [email] => phebehammonddarko@gmail.com
    [amount] => 20.00
    [purpose] => Offering 
    [name] => Phebe Hammond 
    [phone] => 233549231053
)

Array
(
    [email] => phebehammonddarko@gmail.com
    [amount] => 20.00
    [purpose] => Offering 
    [name] => Phebe Hammond 
    [phone] => 233549231053
)

Array
(
    [email] => nanaamaowusuwaa693@gmail.com
    [amount] => 50.00
    [purpose] => offertory 
    [name] => Nana Ama
    [phone] => 233245122552
)

Array
(
    [email] => maameesibuckman01@gmail.com1
    [amount] => 30.00
    [purpose] => Offertory 
    [name] => Ess
    [phone] => 233268349376
)

Array
(
    [email] => efuagyasiwa@gmail.com
    [amount] => 20.00
    [purpose] => Offering- midweek
    [name] => Ps Efua
    [phone] => 233202519999
)

Array
(
    [email] => victorahiaku777@gmail.com
    [amount] => 20.00
    [purpose] => Offering 
    [name] => Victor Ahiaku
    [phone] => 233597626040
)

Array
(
    [email] => jessqueens52@gmail.com
    [amount] => 5.00
    [purpose] => Offering 
    [name] => Syca
    [phone] => 233202260756
)

Array
(
    [email] => annachrist48@gmail.com
    [amount] => 20.00
    [purpose] => Offering
    [name] => Tessa
    [phone] => 233555153335
)

Array
(
    [email] => kuwornuadjaottor24@gmail.com
    [amount] => 10.00
    [purpose] => Offering
    [name] => Natalie 
    [phone] => 233506023087
)

Array
(
    [email] => annachrist48@gmail.com
    [amount] => 20.00
    [purpose] => Broadcast offering 
    [name] => Tessa
    [phone] => 233555153335
)

Array
(
    [email] => jessqueens52@gmail.com
    [amount] => 5.00
    [purpose] => offering
    [name] => Jessica Doesi
    [phone] => 233202260756
)

Array
(
    [email] => victorahiaku777@gmail.com
    [amount] => 20.00
    [purpose] => Offering 
    [name] => Victor Ahiaku
    [phone] => 233597626040
)

Array
(
    [email] => jessqueens52@gmail.com
    [amount] => 1.00
    [purpose] => TV Ministry
    [name] => Jessica Doesi
    [phone] => 233202260756
)

Array
(
    [email] => nanaamaowusuwaa693@gmail.com
    [amount] => 20.00
    [purpose] => TV Ministry
    [name] => Nana Ama
    [phone] => 233245122552
)

Array
(
    [email] => jessqueens52@gmail.com
    [amount] => 5.00
    [purpose] => Offering
    [name] => Syca
    [phone] => 233202260756
)

Array
(
    [email] => blesssingbrew@gmail.com
    [amount] => 10.00
    [purpose] => Offering 
    [name] => Blessing 
    [phone] => 233540354183
)

Array
(
    [email] => blesssingbrew@gmail.com
    [amount] => 10.00
    [purpose] => Offering 
    [name] => Blessing 
    [phone] => 233540354183
)

Array
(
    [email] => graceakowaaharthur24@gmail.com
    [amount] => 100.00
    [purpose] => New Jerusalem Event
    [name] => Grace Akowaah Arthur 
    [phone] => 233249269452
)

Array
(
    [email] => jessqueens52@gmail.com
    [amount] => 100.00
    [purpose] => New Jerusalem Event
    [name] => Jessica Doesi
    [phone] => 233202260756
)

Array
(
    [email] => annachrist48@gmail.com
    [amount] => 101.00
    [purpose] => Feast 17
    [name] => Tessa
    [phone] => 233555153335
)

Array
(
    [email] => jessqueens52@gmail.com
    [amount] => 5.00
    [purpose] => Signet Anointing meeting
    [name] => Jessica Doesi
    [phone] => 233202260756
)

Array
(
    [email] => graceakowaaharthur24@gmail.com
    [amount] => 20.00
    [purpose] => Offering
    [name] => Grace Akowaah Arthur 
    [phone] => 233249269452
)

Array
(
    [email] => seyramdzantor7@gmail.com
    [amount] => 200.00
    [purpose] => New Jerusalem Event
    [name] => Seyram
    [phone] => 233537260905
)

Array
(
    [email] => seyramdzantor7@gmail.com
    [amount] => 300.00
    [purpose] => New Jerusalem Event
    [name] => Seyram
    [phone] => 233537260905
)

Array
(
    [email] => ewurajovel@gmail.com
    [amount] => 100.00
    [purpose] => New Jerusalem Event
    [name] => Ewurabena Ankumah
    [phone] => 233209806576
)

Array
(
    [email] => graceakowaaharthur24@gmail.com
    [amount] => 100.00
    [purpose] => C'est la vie salad payment 
    [name] => Grace Akowaah Arthur 
    [phone] => 233249269452
)

Array
(
    [email] => johnkobinamensah1212@gmail.com
    [amount] => 100.00
    [purpose] => TOTA
    [name] => John Mensah
    [phone] => 233201782888
)

Array
(
    [email] => johnkobinamensah1212@gmail.com
    [amount] => 100.00
    [purpose] => TOTA
    [name] => John Mensah
    [phone] => 233201782888
)

Array
(
    [email] => jessqueens52@gmail.com
    [amount] => 150.00
    [purpose] => TOTA
    [name] => Jessica Doesi
    [phone] => 233202260756
)

Array
(
    [email] => jessqueens52@gmail.com
    [amount] => 5.00
    [purpose] => PLDC
    [name] => Jessica 
    [phone] => 233539893025
)

Array
(
    [email] => jessqueens52@gmail.com
    [amount] => 5.00
    [purpose] => PLDC
    [name] => Jessica 
    [phone] => 233539893025
)

Array
(
    [email] => jessqueens52@gmail.com
    [amount] => 20.00
    [purpose] => Offering
    [name] => Jessica 
    [phone] => 233539893025
)

Array
(
    [email] => jessqueens52@gmail.com
    [amount] => 10.00
    [purpose] => Offering
    [name] => Syca
    [phone] => 233539893025
)

